[es.reddit.com/index.html]
[backblue.gif]
[fade.gif]
[index.html]
[www.redditstatic.com/desktop2x/img/favicon/apple-icon-57x57.png]
[www.redditstatic.com/desktop2x/img/favicon/apple-icon-60x60.png]
[www.redditstatic.com/desktop2x/img/favicon/apple-icon-72x72.png]
[www.redditstatic.com/desktop2x/img/favicon/apple-icon-76x76.png]
[www.redditstatic.com/desktop2x/img/favicon/apple-icon-114x114.png]
[www.redditstatic.com/desktop2x/img/favicon/apple-icon-120x120.png]
[www.redditstatic.com/desktop2x/img/favicon/apple-icon-144x144.png]
[www.redditstatic.com/desktop2x/img/favicon/apple-icon-152x152.png]
[www.redditstatic.com/desktop2x/img/favicon/apple-icon-180x180.png]
[www.redditstatic.com/desktop2x/img/favicon/android-icon-192x192.png]
[www.redditstatic.com/desktop2x/img/favicon/favicon-32x32.png]
[www.redditstatic.com/desktop2x/img/favicon/favicon-96x96.png]
[www.redditstatic.com/desktop2x/img/favicon/favicon-16x16.png]
[www.redditstatic.com/desktop2x/img/favicon/ms-icon-144x144.png]
[www.redditstatic.com/reddit.FFEy2rTisSc.css]
[www.redditstatic.com/expando.gMzRK16vwrQ.css]
[www.redditstatic.com/crosspost-preview.De3P20Yb4PY.css]
[www.redditstatic.com/author-tooltip.1VKQhhDIRMI.css]
[www.redditstatic.com/listing-comments.AZZO7Kj_O88.css]
[www.redditstatic.com/popup-notification.6-JvPBpHWMo.css]
[www.redditstatic.com/desktoponboarding.GwBQjruLr-k.css]
[www.redditstatic.com/videoplayer.ANmi3DZjWG4.css]
[www.redditstatic.com/videoplayercontrols.a_TwaTy76-k.css]
[b.thumbs.redditmedia.com/tOIXmJBBD50mx7w7dfA4O5MnMa0gMyUL27gkzgWDcEQ.jpg]
[preview.redd.it/award_images/t5_22cerq/5izbv4fn0md41_Wholesome069f.png]
[www.redditstatic.com/gold/awards/icon/silver_48.png]
[preview.redd.it/award_images/t5_q0gj4/ks45ij6w05f61_oldHugze877.png]
[a.thumbs.redditmedia.com/6YZlEr-NId9GMjoFaxyFS9C3jfFtMy9y-f-d9XMx3S8.jpg]
[b.thumbs.redditmedia.com/bPpkBYVkxySBfDaWHTy-RBwkZoWkn6MGCd_HiIVG5Xs.jpg]
[b.thumbs.redditmedia.com/IBAJrKfcVqrrmHdZlEi-RzY9f3qj386QM3peslHJ3sw.jpg]
[preview.redd.it/award_images/t5_22cerq/klvxk1wggfd41_Helpfule6f8.png]
[www.redditstatic.com/gold/awards/icon/platinum_48.png]
[www.redditstatic.com/gold/awards/icon/gold_48.png]
[www.redditstatic.com/gold/awards/icon/Updoot_48.png]
[preview.redd.it/award_images/t5_22cerq/rc5iesz2z8t41_Snek1a1a.png]
[www.redditstatic.com/reddit-init.es.I0wjMxEEeEQ.js]
[preview.redd.it/award_images/t5_q0gj4/9auzllkyd5f61_oldwearinge612.png]
[preview.redd.it/award_images/t5_q0gj4/p4yzxkaed5f61_oldtakemyenergy2299.png]
[b.thumbs.redditmedia.com/C5dq1fiR2nrwyxxstrRQstIWgzoOJVmbcA91ef71A_k.jpg]
[b.thumbs.redditmedia.com/8pLIbvNVy1c7cXEr0MB8iXJ07Iw4MDEi0qcjmGRnYcw.jpg]
[b.thumbs.redditmedia.com/ROb5gnSp1ZYeoU-K1uestvKcrIzVfxOQLzwdn3F0W1I.jpg]
[b.thumbs.redditmedia.com/z8GAUThU-WCYmUMYKi_EbQ3dFSsuAViw68YjUKNXyqM.jpg]
[www.redditstatic.com/gold/awards/icon/Illuminati_48.png]
[b.thumbs.redditmedia.com/JUF2ZDDegzq04iM3UAl_aq8Z7Y3b_x4MyHYOVLd2G9U.jpg]
[www.redditstatic.com/gold/awards/icon/wait_what_48.png]
[www.redditstatic.com/gold/awards/icon/Vibing_48.png]
[www.redditstatic.com/videoplayer.pRlfb8S7mb4.js]
[a.thumbs.redditmedia.com/OHsoAItjhTAanhDZ1T6iUIRtvOicLqnX493QfmuDJ48.jpg]
[b.thumbs.redditmedia.com/7qUTyxOrWgRXC6nPKauvzHAXWA6DSeO9dQxMI6jAqxo.jpg]
[www.redditstatic.com/gold/awards/icon/Starstruck_48.png]
[b.thumbs.redditmedia.com/zTY51fPJIKqrvNOtKvz14lpY729Ka2-Ud3HhKAdZGxI.jpg]
[b.thumbs.redditmedia.com/ZHOOIBUHVwBWs9wzgLnFUJ5mUwc6heruy1mb2e9aCXA.jpg]
[reddit.com/static/pixel.png]
[www.redditstatic.com/spoiler-text.vsLMfxcst1g.js]
[es.reddit.com/index.html]
[www.redditstatic.com/onetrust.6tPW2jUogoc.js]
[www.redditstatic.com/throbber_v2_2x.gif]
[www.redditstatic.com/infobar-icon-lock.png]
[www.redditstatic.com/infobar-icon-lock_2x.png]
[www.redditstatic.com/infobar-icon-archived.png]
[www.redditstatic.com/infobar-icon-archived_2x.png]
[www.redditstatic.com/infobar-icon-cookie.png]
[www.redditstatic.com/infobar-icon-cookie_2x.png]
[www.redditstatic.com/infobar-icon-snoo-upvote.png]
[www.redditstatic.com/infobar-icon-snoo-upvote_2x.png]
[www.redditstatic.com/infobar-icon-banhammer.png]
[www.redditstatic.com/infobar-icon-banhammer_2x.png]
[www.redditstatic.com/sprite-reddit.5kxTB7FXse0.png]
[www.redditstatic.com/gold/premium/premium-title.png]
[www.redditstatic.com/gold/premium/premium-title_2x.png]
[www.redditstatic.com/secret-santa-present.png]
[www.redditstatic.com/droparrowgray.gif]
[www.redditstatic.com/goldmorelink.png]
[www.redditstatic.com/shield.png]
[www.redditstatic.com/rg-santa.png]
[www.redditstatic.com/icon-badge-xpost.png]
[www.redditstatic.com/icon-badge-xpost_2x.png]
[www.redditstatic.com/comment-lock-icon.png]
[www.redditstatic.com/icon_follow.png]
[www.redditstatic.com/icon_follow_2x.png]
[www.redditstatic.com/icon_follow_pending.png]
[www.redditstatic.com/icon_follow_pending_2x.png]
[www.redditstatic.com/icon_approve.png]
[www.redditstatic.com/icon_approve_2x.png]
[www.redditstatic.com/welcome-lines.png]
[www.redditstatic.com/welcome-upvote.png]
[www.redditstatic.com/listingsignupbar-orbit-2.png]
[www.redditstatic.com/listingsignupbar-orbit-1.png]
[www.redditstatic.com/gold/tikkit-bg.png]
[www.redditstatic.com/clippy-bullet.png]
[www.redditstatic.com/throbber.gif]
[www.redditstatic.com/reddit.es.ahiUuEULvYQ.js]
[www.redditstatic.com/search-large.png]
[www.redditstatic.com/rss.png]
[www.redditstatic.com/json.png]
[www.redditstatic.com/icon_planet.png]
[www.redditstatic.com/icon_planet_2x.png]
[www.redditstatic.com/mod-action-icon-confirm.png]
[www.redditstatic.com/mod-action-icon-confirm_2x.png]
[www.redditstatic.com/gold/snoo-head.png]
[www.redditstatic.com/close.png]
[www.redditstatic.com/snoo-tray.png]
[www.redditstatic.com/xray-snoo-head.png]
[www.redditstatic.com/xray-snoo-feet.png]
[www.redditstatic.com/xray-snoo-body.png]
[www.redditstatic.com/gold/gild-icon.png]
[www.redditstatic.com/gold/progress-bar-clovers.png]
[www.redditstatic.com/gold/snoo-leprechaun.png]
[www.redditstatic.com/gold/goldvertisement-logo.png]
[www.redditstatic.com/gold/goldvertisement-gold.png]
[www.redditstatic.com/gold/goldvertisement-gild.png]
[www.redditstatic.com/stripe.png]
[www.redditstatic.com/sidebar-grippy-hide.png]
[www.redditstatic.com/sidebar-grippy-show.png]
[www.redditstatic.com/gold/gold-laurel-bg.png]
[www.redditstatic.com/gold/endcap.png]
[www.redditstatic.com/gold/reddit-golds.png]
[www.redditstatic.com/gold/gold-snoo.png]
[www.redditstatic.com/gold/creddits-snoo.png]
[www.redditstatic.com/gold/reddit-gilding.png]
[www.redditstatic.com/gold/userpage-gild.png]
[www.redditstatic.com/gold/comment-gild.png]
[www.redditstatic.com/gold/using-creddits.png]
[www.redditstatic.com/gold/userpage-gild-x2.png]
[www.redditstatic.com/gold/comment-gild-x2.png]
[www.redditstatic.com/gold/using-creddits-x2.png]
[www.redditstatic.com/action-icon-info-color.png]
[www.redditstatic.com/action-icon-info-color_2x.png]
[www.redditstatic.com/sr-type-icon-banned.png]
[www.redditstatic.com/sr-type-icon-banned_2x.png]
[www.redditstatic.com/sr-type-icon-moderator.png]
[www.redditstatic.com/sr-type-icon-moderator_2x.png]
[www.redditstatic.com/sr-type-icon-approved.png]
[www.redditstatic.com/sr-type-icon-approved_2x.png]
[www.redditstatic.com/sr-type-icon-restricted.png]
[www.redditstatic.com/sr-type-icon-restricted_2x.png]
[www.redditstatic.com/sr-type-icon-private.png]
[www.redditstatic.com/sr-type-icon-private_2x.png]
[www.redditstatic.com/sr-type-icon-quarantined.png]
[www.redditstatic.com/sr-type-icon-quarantined_2x.png]
[www.redditstatic.com/sr-type-icon-nsfw.png]
[www.redditstatic.com/sr-type-icon-nsfw_2x.png]
[www.redditstatic.com/alert.png]
[www.redditstatic.com/alert_2x.png]
[www.redditstatic.com/check.png]
[www.redditstatic.com/check_2x.png]
[www.redditstatic.com/source-title.png]
[www.redditstatic.com/source-title_2x.png]
[www.redditstatic.com/source-flatlist-icon.png]
[www.redditstatic.com/source-flatlist-icon_2x.png]
[www.redditstatic.com/uncle-sam-snoo.png]
[www.redditstatic.com/mod-action-icon-delete_2x.png]
[www.redditstatic.com/reddit.FFEy2rTisSc.css]
[www.redditstatic.com/sprite-expando.69EqpDZz3HM.png]
[www.redditstatic.com/expando.gMzRK16vwrQ.css]
[www.redditstatic.com/sprite-crosspost-preview.dtlmtLhouGQ.png]
[www.redditstatic.com/crosspost-preview.De3P20Yb4PY.css]
[www.redditstatic.com/sprite-author-tooltip.4XHsheojniw.png]
[www.redditstatic.com/author-tooltip.1VKQhhDIRMI.css]
[www.redditstatic.com/listing-comments.AZZO7Kj_O88.css]
[www.redditstatic.com/survey_snoo.png]
[www.redditstatic.com/close_x.png]
[www.redditstatic.com/popup-notification.6-JvPBpHWMo.css]
[www.redditstatic.com/desktop-onboarding-snoo.png]
[www.redditstatic.com/desktop-onboarding-snoo_2x.png]
[www.redditstatic.com/sprite-desktoponboarding.zE6oyAWRIHo.png]
[www.redditstatic.com/desktop-onboarding-snoo-sit.png]
[www.redditstatic.com/desktoponboarding.GwBQjruLr-k.css]
[www.redditstatic.com/videoplayer.ANmi3DZjWG4.css]
[www.redditstatic.com/videoplayercontrols.a_TwaTy76-k.css]
[alb.reddit.com/iae1a.html]
[alb.reddit.com/i4073.html]
